// Jest Snapshot v1, https://goo.gl/fbAQLP

exports[`HoursCell should match snapshot 1`] = `ShallowWrapper {}`;
