// Jest Snapshot v1, https://goo.gl/fbAQLP

exports[`HoursTableHeader should match snapshot 1`] = `ShallowWrapper {}`;
